           ^^^^^^^^^^^^^^^^^^^^^^^^^^^^^^
  File "C:\Users\ASUS\ML\ML_dashboard_New\backend\main.py", line 38, in home
    return templates.TemplateResponse("index.html", {"request": request})
           ^^^^^^^^^^^^^^^^^^^^^^^^^^^^^^^^^^^^^^^^^^^^^^^^^^^^^^^^^^^^^^
  File "C:\Users\ASUS\ML\ML_dashboard_New\venv\Lib\site-packages\starlette\templating.py", line 148, in TemplateResponse
    template = self.get_template(name)
               ^^^^^^^^^^^^^^^^^^^^^^^
  File "C:\Users\ASUS\ML\ML_dashboard_New\venv\Lib\site-packages\starlette\templating.py", line 115, in get_template
    return self.env.get_template(name)
           ^^^^^^^^^^^^^^^^^^^^^^^^^^^
  File "C:\Users\ASUS\ML\ML_dashboard_New\venv\Lib\site-packages\jinja2\environment.py", line 1016, in get_template
    return self._load_template(name, globals)
           ^^^^^^^^^^^^^^^^^^^^^^^^^^^^^^^^^^
  File "C:\Users\ASUS\ML\ML_dashboard_New\venv\Lib\site-packages\jinja2\environment.py", line 964, in _load_template
    template = self.cache.get(cache_key)
               ^^^^^^^^^^^^^^^^^^^^^^^^^
  File "C:\Users\ASUS\ML\ML_dashboard_New\venv\Lib\site-packages\jinja2\utils.py", line 477, in get
    return self[key]
           ~~~~^^^^^
  File "C:\Users\ASUS\ML\ML_dashboard_New\venv\Lib\site-packages\jinja2\utils.py", line 515, in __getitem__
    rv = self._mapping[key]
         ~~~~~~~~~~~~~^^^^^
TypeError: unhashable type: 'dict'
INFO:     Shutting down
INFO:     Waiting for application shutdown.
INFO:     Application shutdown complete.
INFO:     Finished server process [13428]
INFO:     Stopping reloader process [12292]
(venv) PS C:\Users\ASUS\ML\ML_dashboard_New>  uvicorn backend.main:app --reload
INFO:     Will watch for changes in these directories: ['C:\\Users\\ASUS\\ML\\ML_dashboard_New']
INFO:     Uvicorn running on http://127.0.0.1:8000 (Press CTRL+C to quit)
INFO:     Started reloader process [11080] using StatReload
INFO:     Started server process [13692]
INFO:     Waiting for application startup.
INFO:     Application startup complete.
INFO:     127.0.0.1:55398 - "GET / HTTP/1.1" 500 Internal Server Error
ERROR:    Exception in ASGI application
Traceback (most recent call last):
  File "C:\Users\ASUS\ML\ML_dashboard_New\venv\Lib\site-packages\uvicorn\protocols\http\h11_impl.py", line 415, in run_asgi
    result = await app(  # type: ignore[func-returns-value]
             ^^^^^^^^^^^^^^^^^^^^^^^^^^^^^^^^^^^^^^^^^^^^^^
  File "C:\Users\ASUS\ML\ML_dashboard_New\venv\Lib\site-packages\uvicorn\middleware\proxy_headers.py", line 60, in __call__
    return await self.app(scope, receive, send)
           ^^^^^^^^^^^^^^^^^^^^^^^^^^^^^^^^^^^^
  File "C:\Users\ASUS\ML\ML_dashboard_New\venv\Lib\site-packages\fastapi\applications.py", line 1159, in __call__
    await super().__call__(scope, receive, send)
  File "C:\Users\ASUS\ML\ML_dashboard_New\venv\Lib\site-packages\starlette\applications.py", line 90, in __call__
    await self.middleware_stack(scope, receive, send)
  File "C:\Users\ASUS\ML\ML_dashboard_New\venv\Lib\site-packages\starlette\middleware\errors.py", line 186, in __call__
    raise exc
  File "C:\Users\ASUS\ML\ML_dashboard_New\venv\Lib\site-packages\starlette\middleware\errors.py", line 164, in __call__
    await self.app(scope, receive, _send)
  File "C:\Users\ASUS\ML\ML_dashboard_New\venv\Lib\site-packages\starlette\middleware\cors.py", line 88, in __call__
    await self.app(scope, receive, send)
  File "C:\Users\ASUS\ML\ML_dashboard_New\venv\Lib\site-packages\starlette\middleware\exceptions.py", line 63, in __call__
    await wrap_app_handling_exceptions(self.app, conn)(scope, receive, send)
  File "C:\Users\ASUS\ML\ML_dashboard_New\venv\Lib\site-packages\starlette\_exception_handler.py", line 53, in wrapped_app
    raise exc
  File "C:\Users\ASUS\ML\ML_dashboard_New\venv\Lib\site-packages\starlette\_exception_handler.py", line 42, in wrapped_app
    await app(scope, receive, sender)
  File "C:\Users\ASUS\ML\ML_dashboard_New\venv\Lib\site-packages\fastapi\middleware\asyncexitstack.py", line 18, in __call__
    await self.app(scope, receive, send)
  File "C:\Users\ASUS\ML\ML_dashboard_New\venv\Lib\site-packages\starlette\routing.py", line 660, in __call__
    await self.middleware_stack(scope, receive, send)
  File "C:\Users\ASUS\ML\ML_dashboard_New\venv\Lib\site-packages\starlette\routing.py", line 680, in app
    await route.handle(scope, receive, send)
  File "C:\Users\ASUS\ML\ML_dashboard_New\venv\Lib\site-packages\starlette\routing.py", line 276, in handle
    await self.app(scope, receive, send)
  File "C:\Users\ASUS\ML\ML_dashboard_New\venv\Lib\site-packages\fastapi\routing.py", line 134, in app
    await wrap_app_handling_exceptions(app, request)(scope, receive, send)
  File "C:\Users\ASUS\ML\ML_dashboard_New\venv\Lib\site-packages\starlette\_exception_handler.py", line 53, in wrapped_app
    raise exc
  File "C:\Users\ASUS\ML\ML_dashboard_New\venv\Lib\site-packages\starlette\_exception_handler.py", line 42, in wrapped_app
    await app(scope, receive, sender)
  File "C:\Users\ASUS\ML\ML_dashboard_New\venv\Lib\site-packages\fastapi\routing.py", line 120, in app
    response = await f(request)
               ^^^^^^^^^^^^^^^^
  File "C:\Users\ASUS\ML\ML_dashboard_New\venv\Lib\site-packages\fastapi\routing.py", line 674, in app
    raw_response = await run_endpoint_function(
                   ^^^^^^^^^^^^^^^^^^^^^^^^^^^^
  File "C:\Users\ASUS\ML\ML_dashboard_New\venv\Lib\site-packages\fastapi\routing.py", line 328, in run_endpoint_function
    return await dependant.call(**values)
           ^^^^^^^^^^^^^^^^^^^^^^^^^^^^^^
  File "C:\Users\ASUS\ML\ML_dashboard_New\backend\main.py", line 38, in home
    return templates.TemplateResponse(
           ^^^^^^^^^^^^^^^^^^^^^^^^^^^
  File "C:\Users\ASUS\ML\ML_dashboard_New\venv\Lib\site-packages\starlette\templating.py", line 149, in TemplateResponse
    return _TemplateResponse(
           ^^^^^^^^^^^^^^^^^^
  File "C:\Users\ASUS\ML\ML_dashboard_New\venv\Lib\site-packages\starlette\templating.py", line 43, in __init__
    content = template.render(context)
              ^^^^^^^^^^^^^^^^^^^^^^^^
  File "C:\Users\ASUS\ML\ML_dashboard_New\venv\Lib\site-packages\jinja2\environment.py", line 1295, in render
    self.environment.handle_exception()
  File "C:\Users\ASUS\ML\ML_dashboard_New\venv\Lib\site-packages\jinja2\environment.py", line 942, in handle_exception
    raise rewrite_traceback_stack(source=source)
  File "C:\Users\ASUS\ML\ML_dashboard_New\frontend\templates\index.html", line 8, in top-level template code
    <link rel="stylesheet" href="{{ url_for('static', filename='style.css') }}">
    ^^^^^^^^^^^^^^^^^^^^^^^^^
  File "C:\Users\ASUS\ML\ML_dashboard_New\venv\Lib\site-packages\starlette\templating.py", line 110, in url_for
    return request.url_for(name, **path_params)
           ^^^^^^^^^^^^^^^^^^^^^^^^^^^^^^^^^^^^
  File "C:\Users\ASUS\ML\ML_dashboard_New\venv\Lib\site-packages\starlette\requests.py", line 201, in url_for
    url_path = url_path_provider.url_path_for(name, **path_params)
               ^^^^^^^^^^^^^^^^^^^^^^^^^^^^^^^^^^^^^^^^^^^^^^^^^^^
  File "C:\Users\ASUS\ML\ML_dashboard_New\venv\Lib\site-packages\starlette\routing.py", line 627, in url_path_for
    raise NoMatchFound(name, path_params)
starlette.routing.NoMatchFound: No route exists for name "static" and params "filename".